Microchip MPLAB XC8 Compiler V2.32

Linker command line:

-W-3 --edf=C:\Program Files\Microchip\xc8\v2.32\pic\dat\en_msgs.txt -cn \
  -h+dist/NewConfiguration/production\MouseBrains8_3transistor.X.production.sym \
  --cmf=dist/NewConfiguration/production\MouseBrains8_3transistor.X.production.cmf \
  -z -Q16LF1708 -oC:\Users\R2FC6~1.SCH\AppData\Local\Temp\xcAs8r8.4 \
  --defsym=__MPLAB_BUILD=1 \
  -Mdist/NewConfiguration/production/MouseBrains8_3transistor.X.production.map \
  -E1 -ver=XC8 Compiler --acfsm=1493 -ASTACK=02111h-021EFh -pstack=STACK \
  -p_HEF_persistent_state_text=FE0h -ACODE=00h-07FFhx2 -ASTRCODE=00h-0FFFh \
  -ASTRING=00h-0FFhx16 -ACONST=00h-0FFhx16 -AENTRY=00h-0FFhx16 \
  -ACOMMON=070h-07Fh -ABANK0=020h-06Fh -ABANK1=0A0h-0EFh \
  -ABANK2=0120h-016Fh -ABANK3=01A0h-01EFh -ABANK4=0220h-026Fh \
  -ABANK5=02A0h-02EFh -ABANK6=0320h-032Fh -ABIGRAM=02000h-021EFh \
  -ARAM=020h-06Fh,0A0h-0EFh,0120h-016Fh,01A0h-01EFh,0220h-026Fh,02A0h-02EFh,0320h-032Fh \
  -AABS1=020h-07Fh,0A0h-0EFh,0120h-016Fh,01A0h-01EFh,0220h-026Fh,02A0h-02EFh,0320h-032Fh \
  -ASFR0=00h-01Fh -ASFR1=080h-09Fh -ASFR2=0100h-011Fh -ASFR3=0180h-019Fh \
  -ASFR4=0200h-021Fh -ASFR5=0280h-029Fh -ASFR6=0300h-031Fh \
  -ASFR7=0380h-03EFh -ASFR8=0400h-046Fh -ASFR9=0480h-04EFh \
  -ASFR10=0500h-056Fh -ASFR11=0580h-05EFh -ASFR12=0600h-066Fh \
  -ASFR13=0680h-06EFh -ASFR14=0700h-076Fh -ASFR15=0780h-07EFh \
  -ASFR16=0800h-086Fh -ASFR17=0880h-08EFh -ASFR18=0900h-096Fh \
  -ASFR19=0980h-09EFh -ASFR20=0A00h-0A6Fh -ASFR21=0A80h-0AEFh \
  -ASFR22=0B00h-0B6Fh -ASFR23=0B80h-0BEFh -ASFR24=0C00h-0C6Fh \
  -ASFR25=0C80h-0CEFh -ASFR26=0D00h-0D6Fh -ASFR27=0D80h-0DEFh \
  -ASFR28=0E00h-0E6Fh -ASFR29=0E80h-0EEFh -ASFR30=0F00h-0F6Fh \
  -ASFR31=0F80h-0FEFh -ACONFIG=08007h-08008h -DCONFIG=2 \
  -AIDLOC=08000h-08003h -DIDLOC=2 -DCODE=2 -DSTRCODE=2 -DSTRING=2 -DCONST=2 \
  -DENTRY=2 -preset_vec=00h,intentry=04h,init,end_init -ppowerup=CODE \
  -pcinit=CODE -pfunctab=ENTRY -k \
  C:\Users\R2FC6~1.SCH\AppData\Local\Temp\xcAs8r8.o \
  dist/NewConfiguration/production\MouseBrains8_3transistor.X.production.o 

Object code version is 3.11

Machine type is 16LF1708



                Name                               Link     Load   Length Selector   Space Scale
C:\Users\R2FC6~1.SCH\AppData\Local\Temp\xcAs8r8.o
                end_init                             4B       4B        2        8       0
                reset_vec                             0        0        2        0       0
                config                             8007     8007        2        0       4
dist/NewConfiguration/production\MouseBrains8_3transistor.X.production.o
                cinit                                4D       4D       3A        8       0
                intentry                              4        4       47        8       0
                config                             8007     8007        2        0       4
                text62                              672      672       6C        8       0
                text61                              B33      B33        D     1666       0
                text60                              ABC      ABC        5     1578       0
                text59                              AAF      AAF        1     155E       0
                text58                              AB0      AB0        1     1560       0
                text57                              B4F      B4F       11     169E       0
                text56                              AC1      AC1        5     1582       0
                text55                              C26      C26       1D     184C       0
                text54                              BAB      BAB       17     1756       0
                text53                              E89      E89       3C     1D12       0
                text52                              B40      B40        F     1680       0
                text50                                2        2        1        0       0
                text49                              ACB      ACB        6     1596       0
                text48                              AD1      AD1        6     15A2       0
                text47                              AD7      AD7        6     15AE       0
                text46                              ADD      ADD        6     15BA       0
                text45                              C63      C63       22     18C6       0
                text44                              AE3      AE3        6     15C6       0
                text43                              B27      B27        C     164E       0
                text42                              AB4      AB4        4     1568       0
                text41                              AB8      AB8        4     1570       0
                text40                              B0D      B0D        8     161A       0
                text39                              DEF      DEF       33     1BDE       0
                text38                              AE9      AE9        6     15D2       0
                text37                              B60      B60       12     16C0       0
                text36                              AEF      AEF        6     15DE       0
                text35                              BD9      BD9       18     17B2       0
                text34                              B15      B15        8     162A       0
                text33                              AF5      AF5        6     15EA       0
                text32                              B84      B84       13     1708       0
                text31                              AB1      AB1        3     1562       0
                text30                              CA7      CA7       25     194E       0
                text29                              F41      F41       44     1E82       0
                text28                              BC2      BC2       17     1784       0
                text27                              D92      D92       2C     1B24       0
                text26                              4F8      4F8       90        8       0
                text25                              E22      E22       33     1C44       0
                text24                              B1D      B1D        A     163A       0
                text23                              AFB      AFB        6     15F6       0
                text22                              F01      F01       40     1E02       0
                text21                              588      588       7E        8       0
                text20                              DBE      DBE       31     1B7C       0
                text19                              B72      B72       12     16E4       0
                text18                              D17      D17       28     1A2E       0
                text17                              D3F      D3F       29     1A7E       0
                text16                              C85      C85       22     190A       0
                text15                              D68      D68       2A     1AD0       0
                text14                              CF1      CF1       26     19E2       0
                text13                              CCC      CCC       25     1998       0
                text12                              F85      F85       5B     1F0A       0
                text11                              744      744       60        8       0
                text10                              E55      E55       34     1CAA       0
                text9                               3BD      3BD       A5        8       0
                text8                               AC6      AC6        5     158C       0
                text7                               6DE      6DE       66        8       0
                text6                               C0A      C0A       1C     1814       0
                text5                               606      606       6C        8       0
                text4                               7A4      7A4       5C        8       0
                text3                                87       87      336        8       0
                text2                               C43      C43       20     1886       0
                text1                               EC5      EC5       3C     1D8A       0
                maintext                            462      462       96        8       0
                cstackBANK0                          20       20       50       20       1
                cstackCOMMON                         70       70        8       70       1
                cstackBANK1                          E7       E7        8       A0       1
                clrtext                             B01      B01        6     1602       0
                inittext                            B07      B07        6     160E       0
                bssBANK3                            1A0      1A0       21      1A0       1
                dataBANK2                           140      140       14      120       1
                bssBANK2                            120      120       20      120       1
                dataBANK1                            BA       BA       19       A0       1
                bssBANK1                             A0       A0       1A       A0       1
                dataCOMMON                           7A       7A        1       70       1
                bssCOMMON                            78       78        2       70       1
                stringtext8                         86D      86D       13     1000       0
                stringtext7                         859      859       14     1000       0
                stringtext6                         845      845       14     1000       0
                stringtext5                         830      830       15     1000       0
                stringtext4                         819      819       17     1000       0
                stringtext3                         800      800       19     1000       0
                nvBANK1                              D3       D3       14       A0       1
                _HEF_persistent_state_text          FE0      FE0       20     1FC0       0
                stringtext2                         882      882        2     1000       0
                stringtext1                         880      880        2     1000       0
                idataBANK2                          B97      B97       14     172E       0
                idataBANK1                          BF1      BF1       19     17E2       0
                idataCOMMON                           3        3        1        6       0

TOTAL           Name                               Link     Load   Length     Space
        CLASS   STACK          

        CLASS   CODE           
                end_init                             4B       4B        2         0
                cinit                                4D       4D       3A         0
                intentry                              4        4       47         0
                reset_vec                             0        0        2         0
                text62                              672      672       6C         0
                text61                              B33      B33        D         0
                text60                              ABC      ABC        5         0
                text59                              AAF      AAF        1         0
                text58                              AB0      AB0        1         0
                text57                              B4F      B4F       11         0
                text56                              AC1      AC1        5         0
                text55                              C26      C26       1D         0
                text54                              BAB      BAB       17         0
                text53                              E89      E89       3C         0
                text52                              B40      B40        F         0
                text50                                2        2        1         0
                text49                              ACB      ACB        6         0
                text48                              AD1      AD1        6         0
                text47                              AD7      AD7        6         0
                text46                              ADD      ADD        6         0
                text45                              C63      C63       22         0
                text44                              AE3      AE3        6         0
                text43                              B27      B27        C         0
                text42                              AB4      AB4        4         0
                text41                              AB8      AB8        4         0
                text40                              B0D      B0D        8         0
                text39                              DEF      DEF       33         0
                text38                              AE9      AE9        6         0
                text37                              B60      B60       12         0
                text36                              AEF      AEF        6         0
                text35                              BD9      BD9       18         0
                text34                              B15      B15        8         0
                text33                              AF5      AF5        6         0
                text32                              B84      B84       13         0
                text31                              AB1      AB1        3         0
                text30                              CA7      CA7       25         0
                text29                              F41      F41       44         0
                text28                              BC2      BC2       17         0
                text27                              D92      D92       2C         0
                text26                              4F8      4F8       90         0
                text25                              E22      E22       33         0
                text24                              B1D      B1D        A         0
                text23                              AFB      AFB        6         0
                text22                              F01      F01       40         0
                text21                              588      588       7E         0
                text20                              DBE      DBE       31         0
                text19                              B72      B72       12         0
                text18                              D17      D17       28         0
                text17                              D3F      D3F       29         0
                text16                              C85      C85       22         0
                text15                              D68      D68       2A         0
                text14                              CF1      CF1       26         0
                text13                              CCC      CCC       25         0
                text12                              F85      F85       5B         0
                text11                              744      744       60         0
                text10                              E55      E55       34         0
                text9                               3BD      3BD       A5         0
                text8                               AC6      AC6        5         0
                text7                               6DE      6DE       66         0
                text6                               C0A      C0A       1C         0
                text5                               606      606       6C         0
                text4                               7A4      7A4       5C         0
                text3                                87       87      336         0
                text2                               C43      C43       20         0
                text1                               EC5      EC5       3C         0
                maintext                            462      462       96         0
                clrtext                             B01      B01        6         0
                inittext                            B07      B07        6         0
                idataBANK2                          B97      B97       14         0
                idataBANK1                          BF1      BF1       19         0
                idataCOMMON                           3        3        1         0

        CLASS   STRCODE        
                stringtext8                         86D      86D       13         0
                stringtext7                         859      859       14         0
                stringtext6                         845      845       14         0
                stringtext5                         830      830       15         0
                stringtext4                         819      819       17         0
                stringtext3                         800      800       19         0
                _HEF_persistent_state_text          FE0      FE0       20         0
                stringtext2                         882      882        2         0
                stringtext1                         880      880        2         0

        CLASS   STRING         

        CLASS   CONST          

        CLASS   ENTRY          

        CLASS   COMMON         
                cstackCOMMON                         70       70        8         1
                dataCOMMON                           7A       7A        1         1
                bssCOMMON                            78       78        2         1

        CLASS   BANK0          
                cstackBANK0                          20       20       50         1

        CLASS   BANK1          
                cstackBANK1                          E7       E7        8         1
                dataBANK1                            BA       BA       19         1
                bssBANK1                             A0       A0       1A         1
                nvBANK1                              D3       D3       14         1

        CLASS   BANK2          
                dataBANK2                           140      140       14         1
                bssBANK2                            120      120       20         1

        CLASS   BANK3          
                bssBANK3                            1A0      1A0       21         1

        CLASS   BANK4          

        CLASS   BANK5          

        CLASS   BANK6          

        CLASS   BIGRAM         

        CLASS   RAM            

        CLASS   ABS1           
                abs_s1                               7E       7E        2         1

        CLASS   SFR0           

        CLASS   SFR1           

        CLASS   SFR2           

        CLASS   SFR3           

        CLASS   SFR4           

        CLASS   SFR5           

        CLASS   SFR6           

        CLASS   SFR7           

        CLASS   SFR8           

        CLASS   SFR9           

        CLASS   SFR10          

        CLASS   SFR11          

        CLASS   SFR12          

        CLASS   SFR13          

        CLASS   SFR14          

        CLASS   SFR15          

        CLASS   SFR16          

        CLASS   SFR17          

        CLASS   SFR18          

        CLASS   SFR19          

        CLASS   SFR20          

        CLASS   SFR21          

        CLASS   SFR22          

        CLASS   SFR23          

        CLASS   SFR24          

        CLASS   SFR25          

        CLASS   SFR26          

        CLASS   SFR27          

        CLASS   SFR28          

        CLASS   SFR29          

        CLASS   SFR30          

        CLASS   SFR31          

        CLASS   CONFIG         
                config                             8007     8007        2         4

        CLASS   IDLOC          

        CLASS   BANK31         

        CLASS   BANK30         

        CLASS   BANK29         

        CLASS   BANK28         

        CLASS   BANK27         

        CLASS   BANK26         

        CLASS   BANK25         

        CLASS   BANK24         

        CLASS   BANK23         

        CLASS   BANK22         

        CLASS   BANK21         

        CLASS   BANK20         

        CLASS   BANK19         

        CLASS   BANK18         

        CLASS   BANK17         

        CLASS   BANK16         

        CLASS   BANK15         

        CLASS   BANK14         

        CLASS   BANK13         

        CLASS   BANK12         

        CLASS   BANK11         

        CLASS   BANK10         

        CLASS   BANK9          

        CLASS   BANK8          

        CLASS   BANK7          

        CLASS   EEDATA         



SEGMENTS        Name                           Load    Length   Top    Selector   Space  Class     Delta

                reset_vec                      000000  000003  000003         0       0  CODE        2
                idataCOMMON                    000003  000001  000004         6       0  CODE        2
                intentry                       000004  0007FC  000800         8       0  CODE        2
                cstackBANK0                    000020  000050  000070        20       1  BANK0       1
                cstackCOMMON                   000070  00000B  00007B        70       1  COMMON      1
                bssBANK1                       0000A0  00004F  0000EF        A0       1  BANK1       1
                bssBANK2                       000120  000034  000154       120       1  BANK2       1
                bssBANK3                       0001A0  000021  0001C1       1A0       1  BANK3       1
                stringtext3                    000800  000084  000884      1000       0  STRCODE     2
                text59                         000AAF  000001  000AB0      155E       0  CODE        2
                text58                         000AB0  000001  000AB1      1560       0  CODE        2
                text31                         000AB1  000003  000AB4      1562       0  CODE        2
                text42                         000AB4  000004  000AB8      1568       0  CODE        2
                text41                         000AB8  000004  000ABC      1570       0  CODE        2
                text60                         000ABC  000005  000AC1      1578       0  CODE        2
                text56                         000AC1  000005  000AC6      1582       0  CODE        2
                text8                          000AC6  000005  000ACB      158C       0  CODE        2
                text49                         000ACB  000006  000AD1      1596       0  CODE        2
                text48                         000AD1  000006  000AD7      15A2       0  CODE        2
                text47                         000AD7  000006  000ADD      15AE       0  CODE        2
                text46                         000ADD  000006  000AE3      15BA       0  CODE        2
                text44                         000AE3  000006  000AE9      15C6       0  CODE        2
                text38                         000AE9  000006  000AEF      15D2       0  CODE        2
                text36                         000AEF  000006  000AF5      15DE       0  CODE        2
                text33                         000AF5  000006  000AFB      15EA       0  CODE        2
                text23                         000AFB  000006  000B01      15F6       0  CODE        2
                clrtext                        000B01  000006  000B07      1602       0  CODE        2
                inittext                       000B07  000006  000B0D      160E       0  CODE        2
                text40                         000B0D  000008  000B15      161A       0  CODE        2
                text34                         000B15  000008  000B1D      162A       0  CODE        2
                text24                         000B1D  00000A  000B27      163A       0  CODE        2
                text43                         000B27  00000C  000B33      164E       0  CODE        2
                text61                         000B33  00000D  000B40      1666       0  CODE        2
                text52                         000B40  00000F  000B4F      1680       0  CODE        2
                text57                         000B4F  000011  000B60      169E       0  CODE        2
                text37                         000B60  000012  000B72      16C0       0  CODE        2
                text19                         000B72  000012  000B84      16E4       0  CODE        2
                text32                         000B84  000013  000B97      1708       0  CODE        2
                idataBANK2                     000B97  000014  000BAB      172E       0  CODE        2
                text54                         000BAB  000017  000BC2      1756       0  CODE        2
                text28                         000BC2  000017  000BD9      1784       0  CODE        2
                text35                         000BD9  000018  000BF1      17B2       0  CODE        2
                idataBANK1                     000BF1  000019  000C0A      17E2       0  CODE        2
                text6                          000C0A  00001C  000C26      1814       0  CODE        2
                text55                         000C26  00001D  000C43      184C       0  CODE        2
                text2                          000C43  000020  000C63      1886       0  CODE        2
                text45                         000C63  000022  000C85      18C6       0  CODE        2
                text16                         000C85  000022  000CA7      190A       0  CODE        2
                text30                         000CA7  000025  000CCC      194E       0  CODE        2
                text13                         000CCC  000025  000CF1      1998       0  CODE        2
                text14                         000CF1  000026  000D17      19E2       0  CODE        2
                text18                         000D17  000028  000D3F      1A2E       0  CODE        2
                text17                         000D3F  000029  000D68      1A7E       0  CODE        2
                text15                         000D68  00002A  000D92      1AD0       0  CODE        2
                text27                         000D92  00002C  000DBE      1B24       0  CODE        2
                text20                         000DBE  000031  000DEF      1B7C       0  CODE        2
                text39                         000DEF  000033  000E22      1BDE       0  CODE        2
                text25                         000E22  000033  000E55      1C44       0  CODE        2
                text10                         000E55  000034  000E89      1CAA       0  CODE        2
                text53                         000E89  00003C  000EC5      1D12       0  CODE        2
                text1                          000EC5  00003C  000F01      1D8A       0  CODE        2
                text22                         000F01  000040  000F41      1E02       0  CODE        2
                text29                         000F41  000044  000F85      1E82       0  CODE        2
                text12                         000F85  00005B  000FE0      1F0A       0  CODE        2
                _HEF_persistent_state_text     000FE0  000020  001000      1FC0       0  STRCODE     2


UNUSED ADDRESS RANGES

        Name                Unused          Largest block    Delta
        BANK1            000EF-000EF               1           1
        BANK2            00154-0016F              1C           1
        BANK3            001C1-001EF              2F           1
        BANK4            00220-0026F              50           1
        BANK5            002A0-002EF              50           1
        BANK6            00320-0032F              10           1
        BIGRAM           02000-021EF             1F0           1
        CODE             00884-00AAE             22B           2
        COMMON           0007B-0007D               3           1
        CONST            00884-00AAE             100           2
        ENTRY            00884-00AAE             100           2
        IDLOC            08000-08003               4           2
        RAM              000EF-000EF               1           1
                         00154-0016F              1C
                         001C1-001EF              2F
                         00220-0026F              50
                         002A0-002EF              50
                         00320-0032F              10
        SFR0             00000-0001F              20           1
        SFR1             00080-0009F              20           1
        SFR10            00500-0056F              70           1
        SFR11            00580-005EF              70           1
        SFR12            00600-0066F              70           1
        SFR13            00680-006EF              70           1
        SFR14            00700-0076F              70           1
        SFR15            00780-007EF              70           1
        SFR16            00800-0086F              70           1
        SFR17            00880-008EF              70           1
        SFR18            00900-0096F              70           1
        SFR19            00980-009EF              70           1
        SFR2             00100-0011F              20           1
        SFR20            00A00-00A6F              70           1
        SFR21            00A80-00AEF              70           1
        SFR22            00B00-00B6F              70           1
        SFR23            00B80-00BEF              70           1
        SFR24            00C00-00C6F              70           1
        SFR25            00C80-00CEF              70           1
        SFR26            00D00-00D6F              70           1
        SFR27            00D80-00DEF              70           1
        SFR28            00E00-00E6F              70           1
        SFR29            00E80-00EEF              70           1
        SFR3             00180-0019F              20           1
        SFR30            00F00-00F6F              70           1
        SFR31            00F80-00FEF              70           1
        SFR4             00200-0021F              20           1
        SFR5             00280-0029F              20           1
        SFR6             00300-0031F              20           1
        SFR7             00380-003EF              70           1
        SFR8             00400-0046F              70           1
        SFR9             00480-004EF              70           1
        STACK            02111-021EF              DF           1
        STRCODE          00884-00AAE             22B           2
        STRING           00884-00AAE             100           2

                                  Symbol Table

?___aldiv                                      cstackBANK0                00028
?___awdiv                                      cstackCOMMON               00073
?___lmul                                       cstackBANK0                00020
?_battery_voltage                              cstackBANK0                00037
?_printf                                       cstackBANK0                00035
?_vfpfcnvrt                                    cstackBANK0                00025
?_vfprintf                                     cstackBANK0                0002D
DAC_SetOutput@inputData                        cstackCOMMON               00070
EUSART_SetErrorHandler@interruptHandler        cstackCOMMON               00073
EUSART_SetFramingErrorHandler@interruptHandler cstackCOMMON               00073
EUSART_SetOverrunErrorHandler@interruptHandler cstackCOMMON               00073
EUSART_Write@txData                            cstackCOMMON               00073
FLASH_EraseBlock@GIEBitValue                   cstackCOMMON               00075
FLASH_EraseBlock@startAddr                     cstackCOMMON               00073
FLASH_WriteBlock@GIEBitValue                   cstackBANK0                00028
FLASH_WriteBlock@blockStartAddr                cstackBANK0                00026
FLASH_WriteBlock@flashWordArray                cstackBANK0                00022
FLASH_WriteBlock@i                             cstackBANK0                00029
FLASH_WriteBlock@writeAddr                     cstackBANK0                00020
INT_DefaultInterruptHandler@time               cstackCOMMON               00072
INT_SetInterruptHandler@InterruptHandler       cstackCOMMON               00073
TMR0_SetInterruptHandler@InterruptHandler      cstackCOMMON               00073
TMR1_SetInterruptHandler@InterruptHandler      cstackCOMMON               00073
TMR4_LoadPeriodRegister@periodVal              cstackCOMMON               00073
TMR4_SetInterruptHandler@InterruptHandler      cstackCOMMON               00073
_ADCON0                                        (abs)                      0009D
_ADCON0bits                                    (abs)                      0009D
_ADCON1                                        (abs)                      0009E
_ADRES                                         (abs)                      0009B
_ANSELA                                        (abs)                      0018C
_ANSELB                                        (abs)                      0018D
_ANSELC                                        (abs)                      0018E
_BAUD1CON                                      (abs)                      0019F
_BORCON                                        (abs)                      00116
_CCP1CONbits                                   (abs)                      00293
_CCPR1L                                        (abs)                      00291
_CCPTMRSbits                                   (abs)                      0029E
_DAC1CON0                                      (abs)                      00118
_DAC1CON1                                      (abs)                      00119
_DAC_Initialize                                text49                     00ACB
_DAC_SetOutput                                 text56                     00AC1
_EUSART_DefaultErrorHandler                    (abs)                      00000
_EUSART_DefaultFramingErrorHandler             (abs)                      00000
_EUSART_DefaultOverrunErrorHandler             (abs)                      00000
_EUSART_ErrorHandler                           nvBANK1                    000DD
_EUSART_FramingErrorHandler                    nvBANK1                    000E1
_EUSART_Initialize                             text45                     00C63
_EUSART_OverrunErrorHandler                    nvBANK1                    000DF
_EUSART_SetErrorHandler                        text48                     00AD1
_EUSART_SetFramingErrorHandler                 text47                     00AD7
_EUSART_SetOverrunErrorHandler                 text46                     00ADD
_EUSART_Write                                  text24                     00B1D
_EXT_INT_Initialize                            text43                     00B27
_FLASH_EraseBlock                              text6                      00C0A
_FLASH_WriteBlock                              text5                      00606
_FVRCON                                        (abs)                      00117
_FVRCONbits                                    (abs)                      00117
_HEF_persistent_state                          _HEF_persistent_state_text 00FE0
_HEF_persistent_state_absaddr                  (abs)                      00FE0
_INLVLA                                        (abs)                      0038C
_INLVLB                                        (abs)                      0038D
_INLVLC                                        (abs)                      0038E
_INTCONbits                                    (abs)                      0000B
_INTERRUPT_InterruptManager                    intentry                   00004
_INTPPS                                        (abs)                      00E10
_INT_CallBack                                  text61                     00B33
_INT_DefaultInterruptHandler                   text62                     00672
_INT_ISR                                       text60                     00ABC
_INT_InterruptHandler                          nvBANK1                    000DB
_INT_SetInterruptHandler                       text44                     00AE3
_LATA                                          (abs)                      0010C
_LATB                                          (abs)                      0010D
_LATC                                          (abs)                      0010E
_LATCH_Initialize                              text50                     00002
_ODCONA                                        (abs)                      0028C
_ODCONB                                        (abs)                      0028D
_ODCONC                                        (abs)                      0028E
_OPA1CON                                       (abs)                      00511
_OPA1_Initialize                               text42                     00AB4
_OPA2CON                                       (abs)                      00515
_OPA2_Initialize                               text41                     00AB8
_OPTION_REG                                    (abs)                      00095
_OPTION_REGbits                                (abs)                      00095
_OSCCON                                        (abs)                      00099
_OSCILLATOR_Initialize                         text40                     00B0D
_OSCSTAT                                       (abs)                      0009A
_OSCTUNE                                       (abs)                      00098
_PIE1bits                                      (abs)                      00091
_PIE2bits                                      (abs)                      00092
_PIN_MANAGER_IOC                               text59                     00AAF
_PIN_MANAGER_Initialize                        text39                     00DEF
_PIR1bits                                      (abs)                      00011
_PIR2bits                                      (abs)                      00012
_PMADRH                                        (abs)                      00192
_PMADRL                                        (abs)                      00191
_PMCON1bits                                    (abs)                      00195
_PMCON2                                        (abs)                      00196
_PMDATH                                        (abs)                      00194
_PMDATL                                        (abs)                      00193
_PR2                                           (abs)                      0001B
_PR4                                           (abs)                      00416
_PWM3CONbits                                   (abs)                      00619
_PWM3DCH                                       (abs)                      00618
_PWM3DCLbits                                   (abs)                      00617
_PWM4CONbits                                   (abs)                      0061C
_PWM4DCH                                       (abs)                      0061B
_PWM4DCLbits                                   (abs)                      0061A
_RA5PPS                                        (abs)                      00E95
_RB7PPS                                        (abs)                      00E9F
_RC1REG                                        (abs)                      00199
_RC1STA                                        (abs)                      0019D
_RC1STAbits                                    (abs)                      0019D
_RC4PPS                                        (abs)                      00EA4
_RC5PPS                                        (abs)                      00EA5
_RXPPS                                         (abs)                      00E24
_SLRCONA                                       (abs)                      0030C
_SLRCONB                                       (abs)                      0030D
_SLRCONC                                       (abs)                      0030E
_SP1BRGH                                       (abs)                      0019C
_SP1BRGL                                       (abs)                      0019B
_SYSTEM_Initialize                             text30                     00CA7
_T1CONbits                                     (abs)                      00018
_T2CON                                         (abs)                      0001C
_T2CONbits                                     (abs)                      0001C
_T4CON                                         (abs)                      00417
_T4CONbits                                     (abs)                      00417
_TMR0                                          (abs)                      00015
_TMR0_DefaultInterruptHandler                  text58                     00AB0
_TMR0_ISR                                      text57                     00B4F
_TMR0_Initialize                               text37                     00B60
_TMR0_InterruptHandler                         nvBANK1                    000D9
_TMR0_SetInterruptHandler                      text38                     00AE9
_TMR1                                          (abs)                      00016
_TMR1_DefaultInterruptHandler                  text55                     00C26
_TMR1_ISR                                      text54                     00BAB
_TMR1_Initialize                               text35                     00BD9
_TMR1_InterruptHandler                         nvBANK1                    000D3
_TMR1_SetInterruptHandler                      text36                     00AEF
_TMR2                                          (abs)                      0001A
_TMR2_Initialize                               text34                     00B15
_TMR4                                          (abs)                      00415
_TMR4_DefaultInterruptHandler                  text53                     00E89
_TMR4_ISR                                      text52                     00B40
_TMR4_Initialize                               text32                     00B84
_TMR4_InterruptHandler                         nvBANK1                    000D7
_TMR4_LoadPeriodRegister                       text8                      00AC6
_TMR4_SetInterruptHandler                      text33                     00AF5
_TRISA                                         (abs)                      0008C
_TRISB                                         (abs)                      0008D
_TRISC                                         (abs)                      0008E
_TX1REG                                        (abs)                      0019A
_TX1STA                                        (abs)                      0019E
_TX1STAbits                                    (abs)                      0019E
_WDTCON                                        (abs)                      00097
_WDT_Initialize                                text31                     00AB1
_WPUA                                          (abs)                      0020C
_WPUB                                          (abs)                      0020D
_WPUC                                          (abs)                      0020E
__H_HEF_persistent_state_text                  _HEF_persistent_state_text 01000
__Habs1                                        abs1                       00000
__Hbank0                                       bank0                      00000
__Hbank1                                       bank1                      00000
__Hbank10                                      bank10                     00000
__Hbank11                                      bank11                     00000
__Hbank12                                      bank12                     00000
__Hbank13                                      bank13                     00000
__Hbank14                                      bank14                     00000
__Hbank15                                      bank15                     00000
__Hbank16                                      bank16                     00000
__Hbank17                                      bank17                     00000
__Hbank18                                      bank18                     00000
__Hbank19                                      bank19                     00000
__Hbank2                                       bank2                      00000
__Hbank20                                      bank20                     00000
__Hbank21                                      bank21                     00000
__Hbank22                                      bank22                     00000
__Hbank23                                      bank23                     00000
__Hbank24                                      bank24                     00000
__Hbank25                                      bank25                     00000
__Hbank26                                      bank26                     00000
__Hbank27                                      bank27                     00000
__Hbank28                                      bank28                     00000
__Hbank29                                      bank29                     00000
__Hbank3                                       bank3                      00000
__Hbank30                                      bank30                     00000
__Hbank31                                      bank31                     00000
__Hbank4                                       bank4                      00000
__Hbank5                                       bank5                      00000
__Hbank6                                       bank6                      00000
__Hbank7                                       bank7                      00000
__Hbank8                                       bank8                      00000
__Hbank9                                       bank9                      00000
__Hbigram                                      bigram                     00000
__HbssBANK1                                    bssBANK1                   00000
__HbssBANK2                                    bssBANK2                   00000
__HbssBANK3                                    bssBANK3                   00000
__HbssCOMMON                                   bssCOMMON                  00000
__Hcinit                                       cinit                      00087
__Hclrtext                                     clrtext                    00000
__Hcode                                        code                       00000
__Hcommon                                      common                     00000
__Hconfig                                      config                     08009
__HcstackBANK0                                 cstackBANK0                00000
__HcstackBANK1                                 cstackBANK1                00000
__HcstackCOMMON                                cstackCOMMON               00000
__HdataBANK1                                   dataBANK1                  00000
__HdataBANK2                                   dataBANK2                  00000
__HdataCOMMON                                  dataCOMMON                 00000
__Heeprom_data                                 eeprom_data                00000
__Hend_init                                    end_init                   0004D
__Hfunctab                                     functab                    00000
__HidataBANK1                                  idataBANK1                 00000
__HidataBANK2                                  idataBANK2                 00000
__HidataCOMMON                                 idataCOMMON                00000
__Hinit                                        init                       0004B
__Hinittext                                    inittext                   00000
__Hintentry                                    intentry                   0004B
__Hmaintext                                    maintext                   00000
__HnvBANK1                                     nvBANK1                    00000
__Hpowerup                                     powerup                    00000
__Hram                                         ram                        00000
__Hreset_vec                                   reset_vec                  00002
__Hsfr0                                        sfr0                       00000
__Hsfr1                                        sfr1                       00000
__Hsfr10                                       sfr10                      00000
__Hsfr11                                       sfr11                      00000
__Hsfr12                                       sfr12                      00000
__Hsfr13                                       sfr13                      00000
__Hsfr14                                       sfr14                      00000
__Hsfr15                                       sfr15                      00000
__Hsfr16                                       sfr16                      00000
__Hsfr17                                       sfr17                      00000
__Hsfr18                                       sfr18                      00000
__Hsfr19                                       sfr19                      00000
__Hsfr2                                        sfr2                       00000
__Hsfr20                                       sfr20                      00000
__Hsfr21                                       sfr21                      00000
__Hsfr22                                       sfr22                      00000
__Hsfr23                                       sfr23                      00000
__Hsfr24                                       sfr24                      00000
__Hsfr25                                       sfr25                      00000
__Hsfr26                                       sfr26                      00000
__Hsfr27                                       sfr27                      00000
__Hsfr28                                       sfr28                      00000
__Hsfr29                                       sfr29                      00000
__Hsfr3                                        sfr3                       00000
__Hsfr30                                       sfr30                      00000
__Hsfr31                                       sfr31                      00000
__Hsfr4                                        sfr4                       00000
__Hsfr5                                        sfr5                       00000
__Hsfr6                                        sfr6                       00000
__Hsfr7                                        sfr7                       00000
__Hsfr8                                        sfr8                       00000
__Hsfr9                                        sfr9                       00000
__Hspace_0                                     (abs)                      01000
__Hspace_1                                     (abs)                      001C1
__Hspace_2                                     (abs)                      00000
__Hspace_3                                     (abs)                      00000
__Hspace_4                                     (abs)                      10010
__Hstack                                       stack                      00000
__Hstrings                                     strings                    00000
__Hstringtext1                                 stringtext1                00000
__Hstringtext2                                 stringtext2                00000
__Hstringtext3                                 stringtext3                00000
__Hstringtext4                                 stringtext4                00000
__Hstringtext5                                 stringtext5                00000
__Hstringtext6                                 stringtext6                00000
__Hstringtext7                                 stringtext7                00000
__Hstringtext8                                 stringtext8                00000
__Hstringtext9                                 stringtext9                00000
__Htext                                        text                       00000
__L_HEF_persistent_state_text                  _HEF_persistent_state_text 00FE0
__Labs1                                        abs1                       00000
__Lbank0                                       bank0                      00000
__Lbank1                                       bank1                      00000
__Lbank10                                      bank10                     00000
__Lbank11                                      bank11                     00000
__Lbank12                                      bank12                     00000
__Lbank13                                      bank13                     00000
__Lbank14                                      bank14                     00000
__Lbank15                                      bank15                     00000
__Lbank16                                      bank16                     00000
__Lbank17                                      bank17                     00000
__Lbank18                                      bank18                     00000
__Lbank19                                      bank19                     00000
__Lbank2                                       bank2                      00000
__Lbank20                                      bank20                     00000
__Lbank21                                      bank21                     00000
__Lbank22                                      bank22                     00000
__Lbank23                                      bank23                     00000
__Lbank24                                      bank24                     00000
__Lbank25                                      bank25                     00000
__Lbank26                                      bank26                     00000
__Lbank27                                      bank27                     00000
__Lbank28                                      bank28                     00000
__Lbank29                                      bank29                     00000
__Lbank3                                       bank3                      00000
__Lbank30                                      bank30                     00000
__Lbank31                                      bank31                     00000
__Lbank4                                       bank4                      00000
__Lbank5                                       bank5                      00000
__Lbank6                                       bank6                      00000
__Lbank7                                       bank7                      00000
__Lbank8                                       bank8                      00000
__Lbank9                                       bank9                      00000
__Lbigram                                      bigram                     00000
__LbssBANK1                                    bssBANK1                   00000
__LbssBANK2                                    bssBANK2                   00000
__LbssBANK3                                    bssBANK3                   00000
__LbssCOMMON                                   bssCOMMON                  00000
__Lcinit                                       cinit                      0004D
__Lclrtext                                     clrtext                    00000
__Lcode                                        code                       00000
__Lcommon                                      common                     00000
__Lconfig                                      config                     00000
__LcstackBANK0                                 cstackBANK0                00000
__LcstackBANK1                                 cstackBANK1                00000
__LcstackCOMMON                                cstackCOMMON               00000
__LdataBANK1                                   dataBANK1                  00000
__LdataBANK2                                   dataBANK2                  00000
__LdataCOMMON                                  dataCOMMON                 00000
__Leeprom_data                                 eeprom_data                00000
__Lend_init                                    end_init                   0004B
__Lfunctab                                     functab                    00000
__LidataBANK1                                  idataBANK1                 00000
__LidataBANK2                                  idataBANK2                 00000
__LidataCOMMON                                 idataCOMMON                00000
__Linit                                        init                       0004B
__Linittext                                    inittext                   00000
__Lintentry                                    intentry                   00004
__Lmaintext                                    maintext                   00000
__LnvBANK1                                     nvBANK1                    00000
__Lpowerup                                     powerup                    00000
__Lram                                         ram                        00000
__Lreset_vec                                   reset_vec                  00000
__Lsfr0                                        sfr0                       00000
__Lsfr1                                        sfr1                       00000
__Lsfr10                                       sfr10                      00000
__Lsfr11                                       sfr11                      00000
__Lsfr12                                       sfr12                      00000
__Lsfr13                                       sfr13                      00000
__Lsfr14                                       sfr14                      00000
__Lsfr15                                       sfr15                      00000
__Lsfr16                                       sfr16                      00000
__Lsfr17                                       sfr17                      00000
__Lsfr18                                       sfr18                      00000
__Lsfr19                                       sfr19                      00000
__Lsfr2                                        sfr2                       00000
__Lsfr20                                       sfr20                      00000
__Lsfr21                                       sfr21                      00000
__Lsfr22                                       sfr22                      00000
__Lsfr23                                       sfr23                      00000
__Lsfr24                                       sfr24                      00000
__Lsfr25                                       sfr25                      00000
__Lsfr26                                       sfr26                      00000
__Lsfr27                                       sfr27                      00000
__Lsfr28                                       sfr28                      00000
__Lsfr29                                       sfr29                      00000
__Lsfr3                                        sfr3                       00000
__Lsfr30                                       sfr30                      00000
__Lsfr31                                       sfr31                      00000
__Lsfr4                                        sfr4                       00000
__Lsfr5                                        sfr5                       00000
__Lsfr6                                        sfr6                       00000
__Lsfr7                                        sfr7                       00000
__Lsfr8                                        sfr8                       00000
__Lsfr9                                        sfr9                       00000
__Lspace_0                                     (abs)                      00000
__Lspace_1                                     (abs)                      00000
__Lspace_2                                     (abs)                      00000
__Lspace_3                                     (abs)                      00000
__Lspace_4                                     (abs)                      00000
__Lstack                                       stack                      00000
__Lstrings                                     strings                    00000
__Lstringtext1                                 stringtext1                00000
__Lstringtext2                                 stringtext2                00000
__Lstringtext3                                 stringtext3                00000
__Lstringtext4                                 stringtext4                00000
__Lstringtext5                                 stringtext5                00000
__Lstringtext6                                 stringtext6                00000
__Lstringtext7                                 stringtext7                00000
__Lstringtext8                                 stringtext8                00000
__Lstringtext9                                 stringtext9                00000
__Ltext                                        text                       00000
__S0                                           (abs)                      00FE0
__S1                                           (abs)                      001C1
__S2                                           (abs)                      00000
___aldiv                                       text26                     004F8
___aldiv@counter                               cstackBANK0                00031
___aldiv@dividend                              cstackBANK0                0002C
___aldiv@divisor                               cstackBANK0                00028
___aldiv@quotient                              cstackBANK0                00033
___aldiv@sign                                  cstackBANK0                00032
___awdiv                                       text11                     00744
___awdiv@counter                               cstackBANK0                00020
___awdiv@dividend                              cstackCOMMON               00075
___awdiv@divisor                               cstackCOMMON               00073
___awdiv@quotient                              cstackBANK0                00022
___awdiv@sign                                  cstackBANK0                00021
___int_sp                                      stack                      00000
___latbits                                     (abs)                      00001
___lmul                                        text10                     00E55
___lmul@multiplicand                           cstackBANK0                00024
___lmul@multiplier                             cstackBANK0                00020
___lmul@product                                cstackCOMMON               00073
___sp                                          stack                      00000
___stackhi                                     (abs)                      021EF
___stacklo                                     (abs)                      02111
__end_of_DAC_Initialize                        text49                     00AD1
__end_of_DAC_SetOutput                         text56                     00AC6
__end_of_EUSART_Initialize                     text45                     00C85
__end_of_EUSART_SetErrorHandler                text48                     00AD7
__end_of_EUSART_SetFramingErrorHandler         text47                     00ADD
__end_of_EUSART_SetOverrunErrorHandler         text46                     00AE3
__end_of_EUSART_Write                          text24                     00B27
__end_of_EXT_INT_Initialize                    text43                     00B33
__end_of_FLASH_EraseBlock                      text6                      00C26
__end_of_FLASH_WriteBlock                      text5                      00672
__end_of_HEF_persistent_state                  _HEF_persistent_state_text 01000
__end_of_INTERRUPT_InterruptManager            intentry                   0004B
__end_of_INT_CallBack                          text61                     00B40
__end_of_INT_DefaultInterruptHandler           text62                     006DE
__end_of_INT_ISR                               text60                     00AC1
__end_of_INT_SetInterruptHandler               text44                     00AE9
__end_of_LATCH_Initialize                      text50                     00003
__end_of_OPA1_Initialize                       text42                     00AB8
__end_of_OPA2_Initialize                       text41                     00ABC
__end_of_OSCILLATOR_Initialize                 text40                     00B15
__end_of_PIN_MANAGER_IOC                       text59                     00AB0
__end_of_PIN_MANAGER_Initialize                text39                     00E22
__end_of_SYSTEM_Initialize                     text30                     00CCC
__end_of_TMR0_DefaultInterruptHandler          text58                     00AB1
__end_of_TMR0_ISR                              text57                     00B60
__end_of_TMR0_Initialize                       text37                     00B72
__end_of_TMR0_SetInterruptHandler              text38                     00AEF
__end_of_TMR1_DefaultInterruptHandler          text55                     00C43
__end_of_TMR1_ISR                              text54                     00BC2
__end_of_TMR1_Initialize                       text35                     00BF1
__end_of_TMR1_SetInterruptHandler              text36                     00AF5
__end_of_TMR2_Initialize                       text34                     00B1D
__end_of_TMR4_DefaultInterruptHandler          text53                     00EC5
__end_of_TMR4_ISR                              text52                     00B4F
__end_of_TMR4_Initialize                       text32                     00B97
__end_of_TMR4_LoadPeriodRegister               text8                      00ACB
__end_of_TMR4_SetInterruptHandler              text33                     00AFB
__end_of_WDT_Initialize                        text31                     00AB4
__end_of___aldiv                               text26                     00588
__end_of___awdiv                               text11                     007A4
__end_of___lmul                                text10                     00E89
__end_of__initialization                       cinit                      00083
__end_of_battery_voltage                       text25                     00E55
__end_of_fputc                                 text22                     00F41
__end_of_initLED                               text29                     00F85
__end_of_lowBattery                            text27                     00DBE
__end_of_main                                  maintext                   004F8
__end_of_printf                                text19                     00B84
__end_of_process_remote_command                text3                      003BD
__end_of_putch                                 text23                     00B01
__end_of_readPersistentState                   text2                      00C63
__end_of_selectCurrent                         text18                     00D3F
__end_of_selectCurrentValue                    text17                     00D68
__end_of_selectDecrease                        text16                     00CA7
__end_of_selectFrequency                       text15                     00D92
__end_of_selectFrequencyValue                  text14                     00D17
__end_of_selectIncrease                        text13                     00CF1
__end_of_selectSomething                       text12                     00FE0
__end_of_setCurrent                            text9                      00462
__end_of_setFrequency                          text7                      00744
__end_of_setLEDColor                           text28                     00BD9
__end_of_startUp                               text1                      00F01
__end_of_vfpfcnvrt                             text21                     00606
__end_of_vfprintf                              text20                     00DEF
__end_of_writePersistentState                  text4                      00800
__end_ofmain@BATTERY_NUM_LOW_READINGS          stringtext2                00884
__end_ofmain@BATTERY_THRESHOLD                 stringtext1                00882
__initialization                               cinit                      0004D
__p_HEF_persistent_state_text                  _HEF_persistent_state_text 00FE0
__pbssBANK1                                    bssBANK1                   000A0
__pbssBANK2                                    bssBANK2                   00120
__pbssBANK3                                    bssBANK3                   001A0
__pbssCOMMON                                   bssCOMMON                  00078
__pcstackBANK0                                 cstackBANK0                00020
__pcstackBANK1                                 cstackBANK1                000E7
__pcstackCOMMON                                cstackCOMMON               00070
__pdataBANK1                                   dataBANK1                  000BA
__pdataBANK2                                   dataBANK2                  00140
__pdataCOMMON                                  dataCOMMON                 0007A
__pidataBANK1                                  idataBANK1                 00BF1
__pidataBANK2                                  idataBANK2                 00B97
__pidataCOMMON                                 idataCOMMON                00003
__pintentry                                    intentry                   00004
__pmaintext                                    maintext                   00462
__pnvBANK1                                     nvBANK1                    000D3
__pstringtext1                                 stringtext1                00880
__pstringtext2                                 stringtext2                00882
__pstringtext3                                 stringtext3                00800
__pstringtext4                                 stringtext4                00819
__pstringtext5                                 stringtext5                00830
__pstringtext6                                 stringtext6                00845
__pstringtext7                                 stringtext7                00859
__pstringtext8                                 stringtext8                0086D
__pstringtext9                                 stringtext9                00000
__ptext1                                       text1                      00EC5
__ptext10                                      text10                     00E55
__ptext11                                      text11                     00744
__ptext12                                      text12                     00F85
__ptext13                                      text13                     00CCC
__ptext14                                      text14                     00CF1
__ptext15                                      text15                     00D68
__ptext16                                      text16                     00C85
__ptext17                                      text17                     00D3F
__ptext18                                      text18                     00D17
__ptext19                                      text19                     00B72
__ptext2                                       text2                      00C43
__ptext20                                      text20                     00DBE
__ptext21                                      text21                     00588
__ptext22                                      text22                     00F01
__ptext23                                      text23                     00AFB
__ptext24                                      text24                     00B1D
__ptext25                                      text25                     00E22
__ptext26                                      text26                     004F8
__ptext27                                      text27                     00D92
__ptext28                                      text28                     00BC2
__ptext29                                      text29                     00F41
__ptext3                                       text3                      00087
__ptext30                                      text30                     00CA7
__ptext31                                      text31                     00AB1
__ptext32                                      text32                     00B84
__ptext33                                      text33                     00AF5
__ptext34                                      text34                     00B15
__ptext35                                      text35                     00BD9
__ptext36                                      text36                     00AEF
__ptext37                                      text37                     00B60
__ptext38                                      text38                     00AE9
__ptext39                                      text39                     00DEF
__ptext4                                       text4                      007A4
__ptext40                                      text40                     00B0D
__ptext41                                      text41                     00AB8
__ptext42                                      text42                     00AB4
__ptext43                                      text43                     00B27
__ptext44                                      text44                     00AE3
__ptext45                                      text45                     00C63
__ptext46                                      text46                     00ADD
__ptext47                                      text47                     00AD7
__ptext48                                      text48                     00AD1
__ptext49                                      text49                     00ACB
__ptext5                                       text5                      00606
__ptext50                                      text50                     00002
__ptext52                                      text52                     00B40
__ptext53                                      text53                     00E89
__ptext54                                      text54                     00BAB
__ptext55                                      text55                     00C26
__ptext56                                      text56                     00AC1
__ptext57                                      text57                     00B4F
__ptext58                                      text58                     00AB0
__ptext59                                      text59                     00AAF
__ptext6                                       text6                      00C0A
__ptext60                                      text60                     00ABC
__ptext61                                      text61                     00B33
__ptext62                                      text62                     00672
__ptext7                                       text7                      006DE
__ptext8                                       text8                      00AC6
__ptext9                                       text9                      003BD
__size_of_DAC_Initialize                       (abs)                      00000
__size_of_DAC_SetOutput                        (abs)                      00000
__size_of_EUSART_Initialize                    (abs)                      00000
__size_of_EUSART_SetErrorHandler               (abs)                      00000
__size_of_EUSART_SetFramingErrorHandler        (abs)                      00000
__size_of_EUSART_SetOverrunErrorHandler        (abs)                      00000
__size_of_EUSART_Write                         (abs)                      00000
__size_of_EXT_INT_Initialize                   (abs)                      00000
__size_of_FLASH_EraseBlock                     (abs)                      00000
__size_of_FLASH_WriteBlock                     (abs)                      00000
__size_of_INTERRUPT_InterruptManager           (abs)                      00000
__size_of_INT_CallBack                         (abs)                      00000
__size_of_INT_DefaultInterruptHandler          (abs)                      00000
__size_of_INT_ISR                              (abs)                      00000
__size_of_INT_SetInterruptHandler              (abs)                      00000
__size_of_LATCH_Initialize                     (abs)                      00000
__size_of_OPA1_Initialize                      (abs)                      00000
__size_of_OPA2_Initialize                      (abs)                      00000
__size_of_OSCILLATOR_Initialize                (abs)                      00000
__size_of_PIN_MANAGER_IOC                      (abs)                      00000
__size_of_PIN_MANAGER_Initialize               (abs)                      00000
__size_of_SYSTEM_Initialize                    (abs)                      00000
__size_of_TMR0_DefaultInterruptHandler         (abs)                      00000
__size_of_TMR0_ISR                             (abs)                      00000
__size_of_TMR0_Initialize                      (abs)                      00000
__size_of_TMR0_SetInterruptHandler             (abs)                      00000
__size_of_TMR1_DefaultInterruptHandler         (abs)                      00000
__size_of_TMR1_ISR                             (abs)                      00000
__size_of_TMR1_Initialize                      (abs)                      00000
__size_of_TMR1_SetInterruptHandler             (abs)                      00000
__size_of_TMR2_Initialize                      (abs)                      00000
__size_of_TMR4_DefaultInterruptHandler         (abs)                      00000
__size_of_TMR4_ISR                             (abs)                      00000
__size_of_TMR4_Initialize                      (abs)                      00000
__size_of_TMR4_LoadPeriodRegister              (abs)                      00000
__size_of_TMR4_SetInterruptHandler             (abs)                      00000
__size_of_WDT_Initialize                       (abs)                      00000
__size_of___aldiv                              (abs)                      00000
__size_of___awdiv                              (abs)                      00000
__size_of___lmul                               (abs)                      00000
__size_of_battery_voltage                      (abs)                      00000
__size_of_fputc                                (abs)                      00000
__size_of_initLED                              (abs)                      00000
__size_of_lowBattery                           (abs)                      00000
__size_of_main                                 (abs)                      00000
__size_of_printf                               (abs)                      00000
__size_of_process_remote_command               (abs)                      00000
__size_of_putch                                (abs)                      00000
__size_of_readPersistentState                  (abs)                      00000
__size_of_selectCurrent                        (abs)                      00000
__size_of_selectCurrentValue                   (abs)                      00000
__size_of_selectDecrease                       (abs)                      00000
__size_of_selectFrequency                      (abs)                      00000
__size_of_selectFrequencyValue                 (abs)                      00000
__size_of_selectIncrease                       (abs)                      00000
__size_of_selectSomething                      (abs)                      00000
__size_of_setCurrent                           (abs)                      00000
__size_of_setFrequency                         (abs)                      00000
__size_of_setLEDColor                          (abs)                      00000
__size_of_startUp                              (abs)                      00000
__size_of_vfpfcnvrt                            (abs)                      00000
__size_of_vfprintf                             (abs)                      00000
__size_of_writePersistentState                 (abs)                      00000
_battery_voltage                               text25                     00E22
_currentIndex                                  nvBANK1                    000E5
_currentIsOn                                   dataBANK1                  000BE
_currentValue                                  dataBANK1                  000BF
_dac_value                                     bssBANK1                   000B2
_dc_frequency_flag                             dataCOMMON                 0007A
_eusartRxLastError                             bssBANK1                   000B3
_flags                                         bssBANK1                   000A6
_fputc                                         text22                     00F01
_frequencyIndex                                nvBANK1                    000E3
_frequencyValue                                dataBANK2                  00140
_initLED                                       text29                     00F41
_interfaceState                                bssCOMMON                  00078
_ir_code                                       bssBANK1                   000B4
_lowBattery                                    text27                     00D92
_main                                          maintext                   00462
_nout                                          bssBANK1                   000A0
_oneHzCounter                                  bssBANK1                   000B1
_prec                                          bssBANK1                   000A4
_printf                                        text19                     00B72
_process_remote_command                        text3                      00087
_putch                                         text23                     00AFB
_readPersistentState                           text2                      00C43
_selectCurrent                                 text18                     00D17
_selectCurrentValue                            text17                     00D3F
_selectDecrease                                text16                     00C85
_selectFrequency                               text15                     00D68
_selectFrequencyValue                          text14                     00CF1
_selectIncrease                                text13                     00CCC
_selectSomething                               text12                     00F85
_setCurrent                                    text9                      003BD
_setFrequency                                  text7                      006DE
_setLEDColor                                   text28                     00BC2
_startUp                                       text1                      00EC5
_timer0ReloadVal                               bssCOMMON                  00079
_timer1ReloadVal                               nvBANK1                    000D5
_toggle                                        bssBANK1                   000AF
_vfpfcnvrt                                     text21                     00588
_vfprintf                                      text20                     00DBE
_width                                         bssBANK1                   000A2
_writePersistentState                          text4                      007A4
btemp                                          (abs)                      0007E
clear_ram0                                     clrtext                    00B01
end_of_initialization                          cinit                      00083
fputc@c                                        cstackCOMMON               00075
fputc@fp                                       cstackCOMMON               00077
init_ram                                       inittext                   00B07
int$flags                                      (abs)                      0007E
intlevel0                                      functab                    00000
intlevel1                                      functab                    00000
intlevel2                                      functab                    00000
intlevel3                                      functab                    00000
intlevel4                                      functab                    00000
intlevel5                                      functab                    00000
main@batt_mv                                   cstackBANK1                000ED
main@low_reading_count                         cstackBANK1                000EB
printf@ap                                      cstackBANK0                00038
printf@fmt                                     cstackBANK0                00035
process_remote_command@code                    cstackBANK1                000E9
putch@txData                                   cstackCOMMON               00074
reset_vec                                      reset_vec                  00000
setCurrent@DACValue                            cstackBANK0                00047
setCurrent@Vdac_mv                             cstackBANK0                00045
setCurrent@Vdd_mv                              cstackBANK0                0003B
setCurrent@microamps                           cstackBANK0                00039
setFrequency@PR4_val                           cstackBANK0                0003A
setFrequency@frequency_hz                      cstackBANK0                00037
setLEDColor@blue                               cstackCOMMON               00074
setLEDColor@green                              cstackCOMMON               00073
setLEDColor@red                                cstackCOMMON               00076
start                                          init                       0004B
startUp@i                                      cstackBANK0                00022
start_initialization                           cinit                      0004D
vfpfcnvrt@ap                                   cstackBANK0                00026
vfpfcnvrt@fmt                                  cstackBANK0                00025
vfpfcnvrt@fp                                   cstackBANK0                0002C
vfprintf@ap                                    cstackBANK0                0002F
vfprintf@cfmt                                  cstackBANK0                00033
vfprintf@fmt                                   cstackBANK0                0002D
vfprintf@fp                                    cstackBANK0                00032
writePersistentState@buf                       cstackBANK0                0002E
writePersistentState@i                         cstackBANK0                0006E
writePersistentState@idx                       cstackBANK0                0006F
wtemp0                                         (abs)                      0007E


MODULE INFORMATION

Module		Function		Class		Link	Load	Size
C:\Program Files\Microchip\xc8\v2.32\pic\sources\c99\common\awdiv.c
		___awdiv       		CODE           	0744	0000	96

C:\Program Files\Microchip\xc8\v2.32\pic\sources\c99\common\awdiv.c estimated size: 96

C:\Program Files\Microchip\xc8\v2.32\pic\sources\c99\common\aldiv.c
		___aldiv       		CODE           	04F8	0000	144

C:\Program Files\Microchip\xc8\v2.32\pic\sources\c99\common\aldiv.c estimated size: 144

tmr1.c
		_TMR1_Initialize		CODE           	0BD9	0000	24
		_TMR1_SetInterruptHandler		CODE           	0AEF	0000	6
		_TMR1_DefaultInterruptHandler		CODE           	0C26	0000	29
		_TMR1_ISR      		CODE           	0BAB	0000	23

tmr1.c estimated size: 82

mcc_generated_files/opa2.c
		_OPA2_Initialize		CODE           	0AB8	0000	4

mcc_generated_files/opa2.c estimated size: 4

C:\Program Files\Microchip\xc8\v2.32\pic\sources\c99\common\doprnt.c
		_vfpfcnvrt     		CODE           	0588	0000	126
		_vfprintf      		CODE           	0DBE	0000	49

C:\Program Files\Microchip\xc8\v2.32\pic\sources\c99\common\doprnt.c estimated size: 175

mcc_generated_files/tmr4.c
		_TMR4_ISR      		CODE           	0B40	0000	15
		_TMR4_LoadPeriodRegister		CODE           	0AC6	0000	5
		_TMR4_Initialize		CODE           	0B84	0000	19
		_TMR4_SetInterruptHandler		CODE           	0AF5	0000	6
		_TMR4_DefaultInterruptHandler		CODE           	0E89	0000	60

mcc_generated_files/tmr4.c estimated size: 105

mcc_generated_files/tmr2.c
		_TMR2_Initialize		CODE           	0B15	0000	8

mcc_generated_files/tmr2.c estimated size: 8

mcc_generated_files/interrupt_manager.c
		_INTERRUPT_InterruptManager		CODE           	0004	0000	71

mcc_generated_files/interrupt_manager.c estimated size: 71

mcc_generated_files/tmr0.c
		_TMR0_SetInterruptHandler		CODE           	0AE9	0000	6
		_TMR0_DefaultInterruptHandler		CODE           	0AB0	0000	1
		_TMR0_ISR      		CODE           	0B4F	0000	17
		_TMR0_Initialize		CODE           	0B60	0000	18

mcc_generated_files/tmr0.c estimated size: 42

mcc_generated_files/pin_manager.c
		_PIN_MANAGER_Initialize		CODE           	0DEF	0000	51
		_PIN_MANAGER_IOC		CODE           	0AAF	0000	1

mcc_generated_files/pin_manager.c estimated size: 52

mcc_generated_files/ext_int.c
		_INT_DefaultInterruptHandler		CODE           	0672	0000	108
		_EXT_INT_Initialize		CODE           	0B27	0000	12
		_INT_SetInterruptHandler		CODE           	0AE3	0000	6
		_INT_CallBack  		CODE           	0B33	0000	13
		_INT_ISR       		CODE           	0ABC	0000	5

mcc_generated_files/ext_int.c estimated size: 144

mcc_generated_files/opa1.c
		_OPA1_Initialize		CODE           	0AB4	0000	4

mcc_generated_files/opa1.c estimated size: 4

shared
		main@BATTERY_THRESHOLD		STRCODE        	0000	0000	0
		_HEF_persistent_state		STRCODE        	0FE0	0000	32
		main@BATTERY_NUM_LOW_READINGS		STRCODE        	0000	0000	0
		__initialization		CODE           	004D	0000	54

shared estimated size: 86

mcc_generated_files/mcc.c
		_WDT_Initialize		CODE           	0AB1	0000	3
		_OSCILLATOR_Initialize		CODE           	0B0D	0000	8
		_SYSTEM_Initialize		CODE           	0CA7	0000	37

mcc_generated_files/mcc.c estimated size: 48

C:\Program Files\Microchip\xc8\v2.32\pic\sources\c99\common\Umul32.c
		___lmul        		CODE           	0E55	0000	52

C:\Program Files\Microchip\xc8\v2.32\pic\sources\c99\common\Umul32.c estimated size: 52

mcc_generated_files/memory.c
		_FLASH_EraseBlock		CODE           	0C0A	0000	28
		_FLASH_WriteBlock		CODE           	0606	0000	108

mcc_generated_files/memory.c estimated size: 136

C:\Program Files\Microchip\xc8\v2.32\pic\sources\c99\common\printf.c
		_printf        		CODE           	0B72	0000	18

C:\Program Files\Microchip\xc8\v2.32\pic\sources\c99\common\printf.c estimated size: 18

C:\Program Files\Microchip\xc8\v2.32\pic\sources\c99\common\nf_fputc.c
		_fputc         		CODE           	0F01	0000	64

C:\Program Files\Microchip\xc8\v2.32\pic\sources\c99\common\nf_fputc.c estimated size: 64

mcc_generated_files/eusart.c
		_putch         		CODE           	0AFB	0000	6
		_EUSART_Write  		CODE           	0B1D	0000	10
		_EUSART_Initialize		CODE           	0C63	0000	34
		_EUSART_SetFramingErrorHandler		CODE           	0AD7	0000	6
		_EUSART_SetErrorHandler		CODE           	0AD1	0000	6
		_EUSART_SetOverrunErrorHandler		CODE           	0ADD	0000	6

mcc_generated_files/eusart.c estimated size: 68

mcc_generated_files/dac.c
		_DAC_Initialize		CODE           	0ACB	0000	6
		_DAC_SetOutput 		CODE           	0AC1	0000	5

mcc_generated_files/dac.c estimated size: 11

main.c
		_setCurrent    		CODE           	03BD	0000	165
		_process_remote_command		CODE           	0087	0000	822
		_startUp       		CODE           	0EC5	0000	60
		_selectFrequencyValue		CODE           	0CF1	0000	38
		_LATCH_Initialize		CODE           	0002	0000	1
		_readPersistentState		CODE           	0C43	0000	32
		_selectIncrease		CODE           	0CCC	0000	37
		_main          		CODE           	0462	0000	150
		_selectCurrentValue		CODE           	0D3F	0000	41
		_setLEDColor   		CODE           	0BC2	0000	23
		_selectSomething		CODE           	0F85	0000	91
		_selectFrequency		CODE           	0D68	0000	42
		_battery_voltage		CODE           	0E22	0000	51
		_initLED       		CODE           	0F41	0000	68
		_setFrequency  		CODE           	06DE	0000	102
		_writePersistentState		CODE           	07A4	0000	92
		_selectDecrease		CODE           	0C85	0000	34
		_lowBattery    		CODE           	0D92	0000	44
		_selectCurrent 		CODE           	0D17	0000	40

main.c estimated size: 1933

